// Jest Snapshot v1, https://goo.gl/fbAQLP

exports[`ArrayInput component should render correctly 1`] = `"<label>label<input data-testid=\\"0.array.input\\" type=\\"text\\" value=\\"a\\"></label><label><span class=\\"additionalLabel\\">label</span><input data-testid=\\"1.array.input\\" type=\\"text\\" value=\\"b\\"></label><label><span class=\\"additionalLabel\\">label</span><input data-testid=\\"2.array.input\\" type=\\"text\\" value=\\"c\\"></label>"`;
