// Jest Snapshot v1, https://goo.gl/fbAQLP

exports[`EffectToggle component should render correctly 1`] = `
preact-render-spy (1 nodes)
-------
<label
  class="effectToggle"
  aria-label="effect, value 1, inactive"
  aria-live={true}
>
  <input
    type="checkbox"
    value="1"
    onClick={[Function onClick]}
    checked={false}
    class="effectInput"
   />
  <span class="effectFocusIndicator"></span>
  <span class="effectIndicator"></span>
  <span class="effectName">effect</span>
  <span class="effectValue">1</span>
</label>

`;
