// Jest Snapshot v1, https://goo.gl/fbAQLP

exports[`Attribute component display component should render correctly 1`] = `"<div class=\\"attribute\\"><div><h3>Agility (agi)</h3><div><span>Effective Value:<span data-testid=\\"attributes.agility.effective-stat.container\\">3</span></span><button data-testid=\\"Edit.button.component\\">Edit</button></div><div data-testid=\\"non-editable-effect.component\\"><span>Name: n</span><label><span>Active</span><input data-testid=\\"Active.input.component\\" type=\\"checkbox\\" value=\\"\\" checked=\\"\\"></label></div></div></div>"`;

exports[`Attribute component edit component should render correctly 1`] = `"<div><h3>Agility</h3><label><span>Maximum</span><input data-testid=\\"Maximum.input.component\\" type=\\"text\\" value=\\"6\\"></label><label><span>Initial Value</span><input data-testid=\\"Initial Value.input.component\\" type=\\"text\\" value=\\"1\\"></label><label><span>Chargen</span><input data-testid=\\"Chargen.input.component\\" type=\\"text\\" value=\\"1\\"></label></div>"`;
