// Jest Snapshot v1, https://goo.gl/fbAQLP

exports[`Gear container should not throw an error if application state is unavailable 1`] = `""`;

exports[`Gear container should render correctly 1`] = `"<div><h2>Gear</h2><div data-testid=\\"n.gear-item.component\\"><h3>n</h3><div>Description: d</div><div>Cost: 1</div><div>Rating: 3</div><div>Availability: 6R</div><div>Effects:</div><div data-testid=\\"non-editable-effect.component\\"><span>Name: n</span><label><span>Active</span><input data-testid=\\"Active.input.component\\" type=\\"checkbox\\" value=\\"\\" checked=\\"\\"></label></div><button data-testid=\\"Edit.button.component\\">Edit</button><button data-testid=\\"Delete.button.component\\">Delete</button></div><button data-testid=\\"Add.button.component\\">Add</button></div>"`;
