// Jest Snapshot v1, https://goo.gl/fbAQLP

exports[`GearItem display component should render correctly 1`] = `"<div data-testid=\\"n.gear-item.component\\" class=\\"gearItem\\"><h3>n</h3><div>Description: d</div><div>Cost: 1</div><div>Rating: 3</div><div>Availability: 6R</div><div>Effects:</div><div class=\\"effects\\"><div data-testid=\\"non-editable-effect.component\\"><span>Name: n</span><label><span>Active</span><input data-testid=\\"Active.input.component\\" type=\\"checkbox\\" value=\\"\\" checked=\\"\\"></label></div></div><button class=\\"button\\" data-testid=\\"Edit Gear Item.button.component\\">Edit Gear Item</button><button class=\\"button\\" data-testid=\\"Delete Gear Item.button.component\\">Delete Gear Item</button></div>"`;

exports[`GearItem edit component should render correctly 1`] = `"<div data-testid=\\"1.gear-item-edit-render.component\\"><label><span>Name</span><input data-testid=\\"Name.input.component\\" type=\\"text\\" value=\\"n\\"></label><label><span>Description</span><input data-testid=\\"Description.input.component\\" type=\\"text\\" value=\\"d\\"></label><label><span>Cost</span><input data-testid=\\"Cost.input.component\\" type=\\"text\\" value=\\"1\\"></label><label><span>Availability</span><input data-testid=\\"Availability.input.component\\" type=\\"text\\" value=\\"6R\\"></label><label><span>Rating</span><input data-testid=\\"Rating.input.component\\" type=\\"text\\" value=\\"3\\"></label></div>"`;
