// Jest Snapshot v1, https://goo.gl/fbAQLP

exports[`EditItem component should render correctly 1`] = `"<div><input data-testid=\\"rendered-in-edit-item.input\\" value=\\"value\\"><div data-testid=\\"editable-effect.component\\"><label><span>Name</span><input data-testid=\\"Name.input.component\\" type=\\"text\\" value=\\"n\\"></label><label><span>Description</span><input data-testid=\\"Description.input.component\\" type=\\"text\\" value=\\"d\\"></label><label>Target<input data-testid=\\"0.array.input\\" type=\\"text\\" value=\\"a\\"></label><label><span class=\\"additionalLabel\\">Target</span><input data-testid=\\"1.array.input\\" type=\\"text\\" value=\\"b\\"></label><label><span>Value</span><input data-testid=\\"Value.input.component\\" type=\\"text\\" value=\\"1\\"></label><label><span>Active</span><input data-testid=\\"Active.input.component\\" type=\\"checkbox\\" value=\\"\\" checked=\\"\\"></label></div><button data-testid=\\"Done.button.component\\">Done</button></div>"`;

exports[`EditItem component should render correctly when item has no related effects 1`] = `"<div><input data-testid=\\"rendered-in-edit-item.input\\" value=\\"value\\"><button data-testid=\\"Done.button.component\\">Done</button></div>"`;
