// Jest Snapshot v1, https://goo.gl/fbAQLP

exports[`AddItem component should render correctly 1`] = `"<div data-testid=\\"n.edit-item.component\\" class=\\"editItem\\"><div>ok</div><button class=\\"button\\" data-testid=\\"Done.button.component\\">Done</button><button class=\\"button\\" data-testid=\\"Cancel.button.component\\">Cancel</button></div>"`;
